<!DOCTYPE html>
<html>
  <head>
    <title>BitcoinRate</title>
    
    

    <link rel="stylesheet" media="all" href="/assets/application-68d8a51cf539e58b7d6ec71e88d8d7a1ab0b6690943480b194fbee8db8c1f130.css" data-turbolinks-track="reload" />
    <script src="/assets/application-cfc2b0ee5f910321deee16ce665feed90ab4c393d873ea7615299d61f1623b50.js" data-turbolinks-track="reload"></script>
  </head>

  <body>
    <div class="index">
  <h1 class="index__title">Bitcoin Price Index</h1>
  <div class="filter-form">
  <form class="new_bitcoin_filter_form" id="new_bitcoin_filter_form" action="/" accept-charset="UTF-8" method="get"><input name="utf8" type="hidden" value="&#x2713;" />
    <label class="filter-form__label" for="bitcoin_filter_form_start">from:</label>
    <input value="2017-01-01" type="date" name="bitcoin_filter_form[start]" id="bitcoin_filter_form_start" />

    <label class="filter-form__label" for="bitcoin_filter_form_end">to:</label>
    <input value="2017-03-08" type="date" name="bitcoin_filter_form[end]" id="bitcoin_filter_form_end" />

    <label class="filter-form__label" for="bitcoin_filter_form_currency">currency:</label>
    <select class="filter-form__currency-select" name="bitcoin_filter_form[currency]" id="bitcoin_filter_form_currency"><option value="USD">USD</option>
<option selected="selected" value="EUR">EUR</option>
<option value="PLN">PLN</option></select>

    <button name="button" type="submit">filter</button>
</form></div>


  
  <div class="price-data-chart"></div>

<p class="index__annotation">
  bitcoin price data provided by
  <a href="https://www.coindesk.com/api/" target="_blank">coindesk</a>
</p>

<script type="text/javascript">
  const el = document.querySelector('.price-data-chart');
  const data = [{"date":"2017-01-01","value":948.4},{"date":"2017-01-02","value":972.6826},{"date":"2017-01-03","value":990.2497},{"date":"2017-01-04","value":1077.4056},{"date":"2017-01-05","value":948.5469},{"date":"2017-01-06","value":850.1852},{"date":"2017-01-07","value":859.3865},{"date":"2017-01-08","value":867.2529},{"date":"2017-01-09","value":849.7113},{"date":"2017-01-10","value":857.1896},{"date":"2017-01-11","value":733.1564},{"date":"2017-01-12","value":756.4967},{"date":"2017-01-13","value":776.2294},{"date":"2017-01-14","value":769.2299},{"date":"2017-01-15","value":774.194},{"date":"2017-01-16","value":783.3373},{"date":"2017-01-17","value":844.4333},{"date":"2017-01-18","value":831.5252},{"date":"2017-01-19","value":842.4966},{"date":"2017-01-20","value":833.1957},{"date":"2017-01-21","value":860.0091},{"date":"2017-01-22","value":864.5046},{"date":"2017-01-23","value":847.3017},{"date":"2017-01-24","value":825.2791},{"date":"2017-01-25","value":831.7244},{"date":"2017-01-26","value":856.8045},{"date":"2017-01-27","value":858.6704},{"date":"2017-01-28","value":860.2759},{"date":"2017-01-29","value":853.1968},{"date":"2017-01-30","value":859.9609},{"date":"2017-01-31","value":896.2556},{"date":"2017-02-01","value":916.985},{"date":"2017-02-02","value":936.422},{"date":"2017-02-03","value":943.7444},{"date":"2017-02-04","value":958.1504},{"date":"2017-02-05","value":940.2399},{"date":"2017-02-06","value":953.321},{"date":"2017-02-07","value":985.4668},{"date":"2017-02-08","value":985.6902},{"date":"2017-02-09","value":928.1984},{"date":"2017-02-10","value":933.4325},{"date":"2017-02-11","value":949.3397},{"date":"2017-02-12","value":940.1764},{"date":"2017-02-13","value":940.7982},{"date":"2017-02-14","value":954.1432},{"date":"2017-02-15","value":952.6512},{"date":"2017-02-16","value":969.2414},{"date":"2017-02-17","value":992.1077},{"date":"2017-02-18","value":997.0854},{"date":"2017-02-19","value":991.254},{"date":"2017-02-20","value":1020.6343},{"date":"2017-02-21","value":1066.5173},{"date":"2017-02-22","value":1063.0239},{"date":"2017-02-23","value":1113.9865},{"date":"2017-02-24","value":1118.823},{"date":"2017-02-25","value":1090.4205},{"date":"2017-02-26","value":1117.3471},{"date":"2017-02-27","value":1128.0421},{"date":"2017-02-28","value":1126.3097},{"date":"2017-03-01","value":1165.8608},{"date":"2017-03-02","value":1200.121},{"date":"2017-03-03","value":1215.1434},{"date":"2017-03-04","value":1193.3356},{"date":"2017-03-05","value":1204.2041},{"date":"2017-03-06","value":1210.4907},{"date":"2017-03-07","value":1166.3604},{"date":"2017-03-08","value":1091.4648}];

  new LineGraph(el, data.slice(0)).createGraph();
</script>

</div>

  </body>
</html>
