<!DOCTYPE html>
<html>
  <head>
    <title>BitcoinRate</title>
    
    

    <link rel="stylesheet" media="all" href="/assets/application-e3b0c44298fc1c149afbf4c8996fb92427ae41e4649b934ca495991b7852b855.css" data-turbolinks-track="reload" />
    <script src="/assets/application-148ea08924e4b5948cf3d4e338e936f340444ab0507ef63ab8e5f5cd8afe306d.js" data-turbolinks-track="reload"></script>
  </head>

  <body>
    <h1>Bitcoin#index</h1>
<p>Find me in app/views/bitcoin/index.html.erb</p>

<form class="new_bitcoin_filter_form" id="new_bitcoin_filter_form" action="/" accept-charset="UTF-8" method="get"><input name="utf8" type="hidden" value="&#x2713;" />
  <input value="2018-06-05" type="date" name="bitcoin_filter_form[start]" id="bitcoin_filter_form_start" />
  <input value="2018-07-05" type="date" name="bitcoin_filter_form[end]" id="bitcoin_filter_form_end" />
  <select name="bitcoin_filter_form[currency]" id="bitcoin_filter_form_currency"><option selected="selected" value="USD">USD</option>
<option value="EUR">EUR</option>
<option value="PLN">PLN</option></select>
  <button name="button" type="submit">filter</button>
</form>
<div class="price-data-chart"></div>

[{:date=&gt;&quot;2018-06-05&quot;, :value=&gt;7616.8913}, {:date=&gt;&quot;2018-06-06&quot;, :value=&gt;7655.9788}, {:date=&gt;&quot;2018-06-07&quot;, :value=&gt;7688.0038}, {:date=&gt;&quot;2018-06-08&quot;, :value=&gt;7616.1025}, {:date=&gt;&quot;2018-06-09&quot;, :value=&gt;7497.3438}, {:date=&gt;&quot;2018-06-10&quot;, :value=&gt;6765.8013}, {:date=&gt;&quot;2018-06-11&quot;, :value=&gt;6877.1825}, {:date=&gt;&quot;2018-06-12&quot;, :value=&gt;6548.33}, {:date=&gt;&quot;2018-06-13&quot;, :value=&gt;6299.5225}, {:date=&gt;&quot;2018-06-14&quot;, :value=&gt;6637.7388}, {:date=&gt;&quot;2018-06-15&quot;, :value=&gt;6410.7225}, {:date=&gt;&quot;2018-06-16&quot;, :value=&gt;6485.8688}, {:date=&gt;&quot;2018-06-17&quot;, :value=&gt;6443.6725}, {:date=&gt;&quot;2018-06-18&quot;, :value=&gt;6709.48}, {:date=&gt;&quot;2018-06-19&quot;, :value=&gt;6737.4138}, {:date=&gt;&quot;2018-06-20&quot;, :value=&gt;6758.3788}, {:date=&gt;&quot;2018-06-21&quot;, :value=&gt;6717.2025}, {:date=&gt;&quot;2018-06-22&quot;, :value=&gt;6053.8963}, {:date=&gt;&quot;2018-06-23&quot;, :value=&gt;6170.56}, {:date=&gt;&quot;2018-06-24&quot;, :value=&gt;6150.1888}, {:date=&gt;&quot;2018-06-25&quot;, :value=&gt;6247.4675}, {:date=&gt;&quot;2018-06-26&quot;, :value=&gt;6074.9175}, {:date=&gt;&quot;2018-06-27&quot;, :value=&gt;6132.5625}, {:date=&gt;&quot;2018-06-28&quot;, :value=&gt;5848.2638}, {:date=&gt;&quot;2018-06-29&quot;, :value=&gt;6203.9013}, {:date=&gt;&quot;2018-06-30&quot;, :value=&gt;6387.3063}, {:date=&gt;&quot;2018-07-01&quot;, :value=&gt;6347.8588}, {:date=&gt;&quot;2018-07-02&quot;, :value=&gt;6613.27}, {:date=&gt;&quot;2018-07-03&quot;, :value=&gt;6504.9263}, {:date=&gt;&quot;2018-07-04&quot;, :value=&gt;6584.7663}, {:date=&gt;&quot;2018-07-05&quot;, :value=&gt;6531.2}]
<script type="text/javascript">
  const el = document.querySelector('.price-data-chart');
  const data = [{"date":"2018-06-05","value":7616.8913},{"date":"2018-06-06","value":7655.9788},{"date":"2018-06-07","value":7688.0038},{"date":"2018-06-08","value":7616.1025},{"date":"2018-06-09","value":7497.3438},{"date":"2018-06-10","value":6765.8013},{"date":"2018-06-11","value":6877.1825},{"date":"2018-06-12","value":6548.33},{"date":"2018-06-13","value":6299.5225},{"date":"2018-06-14","value":6637.7388},{"date":"2018-06-15","value":6410.7225},{"date":"2018-06-16","value":6485.8688},{"date":"2018-06-17","value":6443.6725},{"date":"2018-06-18","value":6709.48},{"date":"2018-06-19","value":6737.4138},{"date":"2018-06-20","value":6758.3788},{"date":"2018-06-21","value":6717.2025},{"date":"2018-06-22","value":6053.8963},{"date":"2018-06-23","value":6170.56},{"date":"2018-06-24","value":6150.1888},{"date":"2018-06-25","value":6247.4675},{"date":"2018-06-26","value":6074.9175},{"date":"2018-06-27","value":6132.5625},{"date":"2018-06-28","value":5848.2638},{"date":"2018-06-29","value":6203.9013},{"date":"2018-06-30","value":6387.3063},{"date":"2018-07-01","value":6347.8588},{"date":"2018-07-02","value":6613.27},{"date":"2018-07-03","value":6504.9263},{"date":"2018-07-04","value":6584.7663},{"date":"2018-07-05","value":6531.2}];

  new LineGraph('bitcoin-price-chart', data)
</script>


  </body>
</html>
